[04:53:41] === Plexis-E v1 program start ===
[04:53:41] RUN /usr/bin/python3 prep_features.py
/home/azureuser/da-sgp/v5/embedding/prep_features.py:86: PerformanceWarning: DataFrame is highly fragmented.  This is usually the result of calling `frame.insert` many times, which has poor performance.  Consider joining all columns at once using pd.concat(axis=1) instead. To get a de-fragmented frame, use `newframe = frame.copy()`
  X[name] = ind
/home/azureuser/da-sgp/v5/embedding/prep_features.py:86: PerformanceWarning: DataFrame is highly fragmented.  This is usually the result of calling `frame.insert` many times, which has poor performance.  Consider joining all columns at once using pd.concat(axis=1) instead. To get a de-fragmented frame, use `newframe = frame.copy()`
  X[name] = ind
/home/azureuser/da-sgp/v5/embedding/prep_features.py:86: PerformanceWarning: DataFrame is highly fragmented.  This is usually the result of calling `frame.insert` many times, which has poor performance.  Consider joining all columns at once using pd.concat(axis=1) instead. To get a de-fragmented frame, use `newframe = frame.copy()`
  X[name] = ind
/home/azureuser/da-sgp/v5/embedding/prep_features.py:86: PerformanceWarning: DataFrame is highly fragmented.  This is usually the result of calling `frame.insert` many times, which has poor performance.  Consider joining all columns at once using pd.concat(axis=1) instead. To get a de-fragmented frame, use `newframe = frame.copy()`
  X[name] = ind
/home/azureuser/da-sgp/v5/embedding/prep_features.py:86: PerformanceWarning: DataFrame is highly fragmented.  This is usually the result of calling `frame.insert` many times, which has poor performance.  Consider joining all columns at once using pd.concat(axis=1) instead. To get a de-fragmented frame, use `newframe = frame.copy()`
  X[name] = ind
X: (1191, 739) | views: {'WHO': 64, 'WHERE': 341, 'FLOW': 94, 'PRICE': 33, 'WHAT': 202, 'MASKCH': 5}
[04:53:45] E0 PCA: score=1.4765 {"twin_hitrate": 1.0, "contrast_pct_min": 0.997, "probe_hdb_psm_r2": 0.792, "probe_od_r2": 0.958, "probe_adq_r2": 0.984, "zone_ari": 0.261, "dist_rankcorr_raw": 1.0, "negctrl_r2": -0.978, "zone_silhouette": 0.065, "perhex_zone_coherence_pass": 0.915, "locality_pa_share_top50": 0.431}
[04:53:45] RUN /usr/bin/python3 train.py --epochs 300 --mask 0.2 --tau 0.1 --eval-every 150 --tag e1s_m0.2_t0.1
/home/azureuser/da-sgp/v5/embedding/train.py:107: UserWarning: Converting a tensor with requires_grad=True to a scalar may lead to unexpected behavior.
Consider using tensor.detach() first. (Triggered internally at /pytorch/torch/csrc/autograd/generated/python_variable_methods.cpp:838.)
  tot += float(loss) * len(idx)
{"tag": "e1s_m0.2_t0.1", "seed": 0, "epoch": 150, "loss": 0.4184, "cfg": {"mask": 0.2, "tau": 0.1, "lr": 0.001, "lam_recon": 1.0, "view_mask_prob": 0.0}, "twin_toa_payoh_mature": true, "twin_cbd_core": true, "twin_matilda_newtown": true, "twin_tuas_industrial": true, "twin_yishun_heartland": true, "twin_hitrate": 1.0, "contrast_pct_min": 0.657, "probe_hdb_psm_r2": 0.8026, "probe_od_r2": 0.8466, "probe_adq_r2": 0.9569, "zone_ari": 0.2266, "elapsed_s": 6.8}
{"tag": "e1s_m0.2_t0.1", "seed": 0, "epoch": 300, "loss": 0.3956, "cfg": {"mask": 0.2, "tau": 0.1, "lr": 0.001, "lam_recon": 1.0, "view_mask_prob": 0.0}, "twin_toa_payoh_mature": true, "twin_cbd_core": true, "twin_matilda_newtown": true, "twin_tuas_industrial": true, "twin_yishun_heartland": true, "twin_hitrate": 1.0, "contrast_pct_min": 0.6816, "probe_hdb_psm_r2": 0.7992, "probe_od_r2": 0.8476, "probe_adq_r2": 0.9577, "zone_ari": 0.3869, "elapsed_s": 13.2}
[04:54:00] RUN /usr/bin/python3 train.py --epochs 300 --mask 0.2 --tau 0.5 --eval-every 150 --tag e1s_m0.2_t0.5
/home/azureuser/da-sgp/v5/embedding/train.py:107: UserWarning: Converting a tensor with requires_grad=True to a scalar may lead to unexpected behavior.
Consider using tensor.detach() first. (Triggered internally at /pytorch/torch/csrc/autograd/generated/python_variable_methods.cpp:838.)
  tot += float(loss) * len(idx)
{"tag": "e1s_m0.2_t0.5", "seed": 0, "epoch": 150, "loss": 3.8461, "cfg": {"mask": 0.2, "tau": 0.5, "lr": 0.001, "lam_recon": 1.0, "view_mask_prob": 0.0}, "twin_toa_payoh_mature": true, "twin_cbd_core": true, "twin_matilda_newtown": true, "twin_tuas_industrial": true, "twin_yishun_heartland": true, "twin_hitrate": 1.0, "contrast_pct_min": 0.5575, "probe_hdb_psm_r2": 0.783, "probe_od_r2": 0.897, "probe_adq_r2": 0.9513, "zone_ari": 0.4537, "elapsed_s": 6.8}
{"tag": "e1s_m0.2_t0.5", "seed": 0, "epoch": 300, "loss": 3.8248, "cfg": {"mask": 0.2, "tau": 0.5, "lr": 0.001, "lam_recon": 1.0, "view_mask_prob": 0.0}, "twin_toa_payoh_mature": true, "twin_cbd_core": true, "twin_matilda_newtown": true, "twin_tuas_industrial": true, "twin_yishun_heartland": true, "twin_hitrate": 1.0, "contrast_pct_min": 0.7178, "probe_hdb_psm_r2": 0.7868, "probe_od_r2": 0.8964, "probe_adq_r2": 0.9459, "zone_ari": 0.3353, "elapsed_s": 13.3}
[04:54:16] RUN /usr/bin/python3 train.py --epochs 300 --mask 0.3 --tau 0.1 --eval-every 150 --tag e1s_m0.3_t0.1
/home/azureuser/da-sgp/v5/embedding/train.py:107: UserWarning: Converting a tensor with requires_grad=True to a scalar may lead to unexpected behavior.
Consider using tensor.detach() first. (Triggered internally at /pytorch/torch/csrc/autograd/generated/python_variable_methods.cpp:838.)
  tot += float(loss) * len(idx)
{"tag": "e1s_m0.3_t0.1", "seed": 0, "epoch": 150, "loss": 0.6815, "cfg": {"mask": 0.3, "tau": 0.1, "lr": 0.001, "lam_recon": 1.0, "view_mask_prob": 0.0}, "twin_toa_payoh_mature": true, "twin_cbd_core": true, "twin_matilda_newtown": true, "twin_tuas_industrial": true, "twin_yishun_heartland": true, "twin_hitrate": 1.0, "contrast_pct_min": 0.7248, "probe_hdb_psm_r2": 0.8114, "probe_od_r2": 0.8573, "probe_adq_r2": 0.9612, "zone_ari": 0.5046, "elapsed_s": 6.8}
{"tag": "e1s_m0.3_t0.1", "seed": 0, "epoch": 300, "loss": 0.6399, "cfg": {"mask": 0.3, "tau": 0.1, "lr": 0.001, "lam_recon": 1.0, "view_mask_prob": 0.0}, "twin_toa_payoh_mature": true, "twin_cbd_core": true, "twin_matilda_newtown": true, "twin_tuas_industrial": true, "twin_yishun_heartland": true, "twin_hitrate": 1.0, "contrast_pct_min": 0.7783, "probe_hdb_psm_r2": 0.8155, "probe_od_r2": 0.8567, "probe_adq_r2": 0.9631, "zone_ari": 0.3981, "elapsed_s": 13.4}
[04:54:31] RUN /usr/bin/python3 train.py --epochs 300 --mask 0.3 --tau 0.5 --eval-every 150 --tag e1s_m0.3_t0.5
/home/azureuser/da-sgp/v5/embedding/train.py:107: UserWarning: Converting a tensor with requires_grad=True to a scalar may lead to unexpected behavior.
Consider using tensor.detach() first. (Triggered internally at /pytorch/torch/csrc/autograd/generated/python_variable_methods.cpp:838.)
  tot += float(loss) * len(idx)
{"tag": "e1s_m0.3_t0.5", "seed": 0, "epoch": 150, "loss": 3.9748, "cfg": {"mask": 0.3, "tau": 0.5, "lr": 0.001, "lam_recon": 1.0, "view_mask_prob": 0.0}, "twin_toa_payoh_mature": true, "twin_cbd_core": true, "twin_matilda_newtown": true, "twin_tuas_industrial": true, "twin_yishun_heartland": true, "twin_hitrate": 1.0, "contrast_pct_min": 0.5382, "probe_hdb_psm_r2": 0.7837, "probe_od_r2": 0.8941, "probe_adq_r2": 0.94, "zone_ari": 0.4403, "elapsed_s": 6.9}
{"tag": "e1s_m0.3_t0.5", "seed": 0, "epoch": 300, "loss": 3.9455, "cfg": {"mask": 0.3, "tau": 0.5, "lr": 0.001, "lam_recon": 1.0, "view_mask_prob": 0.0}, "twin_toa_payoh_mature": true, "twin_cbd_core": true, "twin_matilda_newtown": true, "twin_tuas_industrial": true, "twin_yishun_heartland": true, "twin_hitrate": 1.0, "contrast_pct_min": 0.55, "probe_hdb_psm_r2": 0.7906, "probe_od_r2": 0.8963, "probe_adq_r2": 0.9331, "zone_ari": 0.4663, "elapsed_s": 13.4}
[04:54:47] RUN /usr/bin/python3 train.py --epochs 300 --mask 0.4 --tau 0.1 --eval-every 150 --tag e1s_m0.4_t0.1
/home/azureuser/da-sgp/v5/embedding/train.py:107: UserWarning: Converting a tensor with requires_grad=True to a scalar may lead to unexpected behavior.
Consider using tensor.detach() first. (Triggered internally at /pytorch/torch/csrc/autograd/generated/python_variable_methods.cpp:838.)
  tot += float(loss) * len(idx)
{"tag": "e1s_m0.4_t0.1", "seed": 0, "epoch": 150, "loss": 1.2356, "cfg": {"mask": 0.4, "tau": 0.1, "lr": 0.001, "lam_recon": 1.0, "view_mask_prob": 0.0}, "twin_toa_payoh_mature": true, "twin_cbd_core": true, "twin_matilda_newtown": true, "twin_tuas_industrial": true, "twin_yishun_heartland": true, "twin_hitrate": 1.0, "contrast_pct_min": 0.9531, "probe_hdb_psm_r2": 0.8139, "probe_od_r2": 0.8666, "probe_adq_r2": 0.9621, "zone_ari": 0.5161, "elapsed_s": 6.7}
{"tag": "e1s_m0.4_t0.1", "seed": 0, "epoch": 300, "loss": 1.1524, "cfg": {"mask": 0.4, "tau": 0.1, "lr": 0.001, "lam_recon": 1.0, "view_mask_prob": 0.0}, "twin_toa_payoh_mature": true, "twin_cbd_core": true, "twin_matilda_newtown": true, "twin_tuas_industrial": true, "twin_yishun_heartland": true, "twin_hitrate": 1.0, "contrast_pct_min": 0.9213, "probe_hdb_psm_r2": 0.8147, "probe_od_r2": 0.8625, "probe_adq_r2": 0.963, "zone_ari": 0.4087, "elapsed_s": 13.5}
[04:55:03] RUN /usr/bin/python3 train.py --epochs 300 --mask 0.4 --tau 0.5 --eval-every 150 --tag e1s_m0.4_t0.5
/home/azureuser/da-sgp/v5/embedding/train.py:107: UserWarning: Converting a tensor with requires_grad=True to a scalar may lead to unexpected behavior.
Consider using tensor.detach() first. (Triggered internally at /pytorch/torch/csrc/autograd/generated/python_variable_methods.cpp:838.)
  tot += float(loss) * len(idx)
{"tag": "e1s_m0.4_t0.5", "seed": 0, "epoch": 150, "loss": 4.2572, "cfg": {"mask": 0.4, "tau": 0.5, "lr": 0.001, "lam_recon": 1.0, "view_mask_prob": 0.0}, "twin_toa_payoh_mature": true, "twin_cbd_core": true, "twin_matilda_newtown": true, "twin_tuas_industrial": true, "twin_yishun_heartland": true, "twin_hitrate": 1.0, "contrast_pct_min": 0.7659, "probe_hdb_psm_r2": 0.7529, "probe_od_r2": 0.8885, "probe_adq_r2": 0.9516, "zone_ari": 0.4712, "elapsed_s": 6.8}
{"tag": "e1s_m0.4_t0.5", "seed": 0, "epoch": 300, "loss": 4.2094, "cfg": {"mask": 0.4, "tau": 0.5, "lr": 0.001, "lam_recon": 1.0, "view_mask_prob": 0.0}, "twin_toa_payoh_mature": true, "twin_cbd_core": true, "twin_matilda_newtown": true, "twin_tuas_industrial": true, "twin_yishun_heartland": true, "twin_hitrate": 1.0, "contrast_pct_min": 0.7952, "probe_hdb_psm_r2": 0.7631, "probe_od_r2": 0.8921, "probe_adq_r2": 0.9522, "zone_ari": 0.4701, "elapsed_s": 13.7}
[04:55:19] E1 screen ranking: [(1.4899, 0.3, 0.5), (1.4867, 0.4, 0.5), (1.4822, 0.4, 0.1), (1.478, 0.3, 0.1)]
[04:55:19] RUN /usr/bin/python3 train.py --epochs 1200 --mask 0.3 --tau 0.5 --seed 0 --eval-every 200 --tag e1_final --out Z_e1_s0.npy
/home/azureuser/da-sgp/v5/embedding/train.py:107: UserWarning: Converting a tensor with requires_grad=True to a scalar may lead to unexpected behavior.
Consider using tensor.detach() first. (Triggered internally at /pytorch/torch/csrc/autograd/generated/python_variable_methods.cpp:838.)
  tot += float(loss) * len(idx)
{"tag": "e1_final", "seed": 0, "epoch": 200, "loss": 3.9419, "cfg": {"mask": 0.3, "tau": 0.5, "lr": 0.001, "lam_recon": 1.0, "view_mask_prob": 0.0}, "twin_toa_payoh_mature": true, "twin_cbd_core": true, "twin_matilda_newtown": true, "twin_tuas_industrial": true, "twin_yishun_heartland": true, "twin_hitrate": 1.0, "contrast_pct_min": 0.4129, "probe_hdb_psm_r2": 0.7872, "probe_od_r2": 0.8948, "probe_adq_r2": 0.9178, "zone_ari": 0.4447, "elapsed_s": 8.9}
{"tag": "e1_final", "seed": 0, "epoch": 400, "loss": 3.8825, "cfg": {"mask": 0.3, "tau": 0.5, "lr": 0.001, "lam_recon": 1.0, "view_mask_prob": 0.0}, "twin_toa_payoh_mature": true, "twin_cbd_core": true, "twin_matilda_newtown": true, "twin_tuas_industrial": true, "twin_yishun_heartland": true, "twin_hitrate": 1.0, "contrast_pct_min": 0.3156, "probe_hdb_psm_r2": 0.766, "probe_od_r2": 0.8862, "probe_adq_r2": 0.9557, "zone_ari": 0.4358, "elapsed_s": 17.6}
{"tag": "e1_final", "seed": 0, "epoch": 600, "loss": 3.8438, "cfg": {"mask": 0.3, "tau": 0.5, "lr": 0.001, "lam_recon": 1.0, "view_mask_prob": 0.0}, "twin_toa_payoh_mature": true, "twin_cbd_core": true, "twin_matilda_newtown": true, "twin_tuas_industrial": true, "twin_yishun_heartland": true, "twin_hitrate": 1.0, "contrast_pct_min": 0.4614, "probe_hdb_psm_r2": 0.7846, "probe_od_r2": 0.875, "probe_adq_r2": 0.9613, "zone_ari": 0.4914, "elapsed_s": 26.4}
{"tag": "e1_final", "seed": 0, "epoch": 800, "loss": 3.8244, "cfg": {"mask": 0.3, "tau": 0.5, "lr": 0.001, "lam_recon": 1.0, "view_mask_prob": 0.0}, "twin_toa_payoh_mature": true, "twin_cbd_core": true, "twin_matilda_newtown": true, "twin_tuas_industrial": true, "twin_yishun_heartland": true, "twin_hitrate": 1.0, "contrast_pct_min": 0.4957, "probe_hdb_psm_r2": 0.773, "probe_od_r2": 0.8814, "probe_adq_r2": 0.9607, "zone_ari": 0.4139, "elapsed_s": 35.0}
{"tag": "e1_final", "seed": 0, "epoch": 1000, "loss": 3.8134, "cfg": {"mask": 0.3, "tau": 0.5, "lr": 0.001, "lam_recon": 1.0, "view_mask_prob": 0.0}, "twin_toa_payoh_mature": true, "twin_cbd_core": true, "twin_matilda_newtown": true, "twin_tuas_industrial": true, "twin_yishun_heartland": true, "twin_hitrate": 1.0, "contrast_pct_min": 0.4685, "probe_hdb_psm_r2": 0.7702, "probe_od_r2": 0.8811, "probe_adq_r2": 0.9586, "zone_ari": 0.3582, "elapsed_s": 43.7}
{"tag": "e1_final", "seed": 0, "epoch": 1200, "loss": 3.8167, "cfg": {"mask": 0.3, "tau": 0.5, "lr": 0.001, "lam_recon": 1.0, "view_mask_prob": 0.0}, "twin_toa_payoh_mature": true, "twin_cbd_core": true, "twin_matilda_newtown": true, "twin_tuas_industrial": true, "twin_yishun_heartland": true, "twin_hitrate": 1.0, "contrast_pct_min": 0.4928, "probe_hdb_psm_r2": 0.7698, "probe_od_r2": 0.8808, "probe_adq_r2": 0.9591, "zone_ari": 0.4373, "elapsed_s": 52.5}
[04:56:14] RUN /usr/bin/python3 train.py --epochs 1200 --mask 0.3 --tau 0.5 --seed 1 --eval-every 200 --tag e1_final --out Z_e1_s1.npy
/home/azureuser/da-sgp/v5/embedding/train.py:107: UserWarning: Converting a tensor with requires_grad=True to a scalar may lead to unexpected behavior.
Consider using tensor.detach() first. (Triggered internally at /pytorch/torch/csrc/autograd/generated/python_variable_methods.cpp:838.)
  tot += float(loss) * len(idx)
{"tag": "e1_final", "seed": 1, "epoch": 200, "loss": 3.948, "cfg": {"mask": 0.3, "tau": 0.5, "lr": 0.001, "lam_recon": 1.0, "view_mask_prob": 0.0}, "twin_toa_payoh_mature": true, "twin_cbd_core": true, "twin_matilda_newtown": true, "twin_tuas_industrial": true, "twin_yishun_heartland": true, "twin_hitrate": 1.0, "contrast_pct_min": 0.3658, "probe_hdb_psm_r2": 0.7762, "probe_od_r2": 0.8966, "probe_adq_r2": 0.9545, "zone_ari": 0.4797, "elapsed_s": 9.2}
{"tag": "e1_final", "seed": 1, "epoch": 400, "loss": 3.8759, "cfg": {"mask": 0.3, "tau": 0.5, "lr": 0.001, "lam_recon": 1.0, "view_mask_prob": 0.0}, "twin_toa_payoh_mature": true, "twin_cbd_core": true, "twin_matilda_newtown": true, "twin_tuas_industrial": true, "twin_yishun_heartland": true, "twin_hitrate": 1.0, "contrast_pct_min": 0.4553, "probe_hdb_psm_r2": 0.8044, "probe_od_r2": 0.8385, "probe_adq_r2": 0.9564, "zone_ari": 0.4356, "elapsed_s": 17.9}
{"tag": "e1_final", "seed": 1, "epoch": 600, "loss": 3.8482, "cfg": {"mask": 0.3, "tau": 0.5, "lr": 0.001, "lam_recon": 1.0, "view_mask_prob": 0.0}, "twin_toa_payoh_mature": true, "twin_cbd_core": true, "twin_matilda_newtown": true, "twin_tuas_industrial": true, "twin_yishun_heartland": true, "twin_hitrate": 1.0, "contrast_pct_min": 0.471, "probe_hdb_psm_r2": 0.8028, "probe_od_r2": 0.8211, "probe_adq_r2": 0.9516, "zone_ari": 0.4331, "elapsed_s": 26.6}
{"tag": "e1_final", "seed": 1, "epoch": 800, "loss": 3.8244, "cfg": {"mask": 0.3, "tau": 0.5, "lr": 0.001, "lam_recon": 1.0, "view_mask_prob": 0.0}, "twin_toa_payoh_mature": true, "twin_cbd_core": true, "twin_matilda_newtown": true, "twin_tuas_industrial": true, "twin_yishun_heartland": true, "twin_hitrate": 1.0, "contrast_pct_min": 0.6971, "probe_hdb_psm_r2": 0.8015, "probe_od_r2": 0.7948, "probe_adq_r2": 0.9473, "zone_ari": 0.4211, "elapsed_s": 35.2}
{"tag": "e1_final", "seed": 1, "epoch": 1000, "loss": 3.813, "cfg": {"mask": 0.3, "tau": 0.5, "lr": 0.001, "lam_recon": 1.0, "view_mask_prob": 0.0}, "twin_toa_payoh_mature": true, "twin_cbd_core": true, "twin_matilda_newtown": true, "twin_tuas_industrial": true, "twin_yishun_heartland": true, "twin_hitrate": 1.0, "contrast_pct_min": 0.778, "probe_hdb_psm_r2": 0.8036, "probe_od_r2": 0.7779, "probe_adq_r2": 0.9478, "zone_ari": 0.5248, "elapsed_s": 43.8}
{"tag": "e1_final", "seed": 1, "epoch": 1200, "loss": 3.8183, "cfg": {"mask": 0.3, "tau": 0.5, "lr": 0.001, "lam_recon": 1.0, "view_mask_prob": 0.0}, "twin_toa_payoh_mature": true, "twin_cbd_core": true, "twin_matilda_newtown": true, "twin_tuas_industrial": true, "twin_yishun_heartland": true, "twin_hitrate": 1.0, "contrast_pct_min": 0.7756, "probe_hdb_psm_r2": 0.8043, "probe_od_r2": 0.7762, "probe_adq_r2": 0.9476, "zone_ari": 0.4503, "elapsed_s": 52.5}
[04:57:08] RUN /usr/bin/python3 train.py --epochs 1200 --mask 0.3 --tau 0.5 --seed 2 --eval-every 200 --tag e1_final --out Z_e1_s2.npy
/home/azureuser/da-sgp/v5/embedding/train.py:107: UserWarning: Converting a tensor with requires_grad=True to a scalar may lead to unexpected behavior.
Consider using tensor.detach() first. (Triggered internally at /pytorch/torch/csrc/autograd/generated/python_variable_methods.cpp:838.)
  tot += float(loss) * len(idx)
{"tag": "e1_final", "seed": 2, "epoch": 200, "loss": 3.9421, "cfg": {"mask": 0.3, "tau": 0.5, "lr": 0.001, "lam_recon": 1.0, "view_mask_prob": 0.0}, "twin_toa_payoh_mature": true, "twin_cbd_core": true, "twin_matilda_newtown": true, "twin_tuas_industrial": true, "twin_yishun_heartland": true, "twin_hitrate": 1.0, "contrast_pct_min": 0.3618, "probe_hdb_psm_r2": 0.793, "probe_od_r2": 0.8878, "probe_adq_r2": 0.9559, "zone_ari": 0.4508, "elapsed_s": 9.2}
{"tag": "e1_final", "seed": 2, "epoch": 400, "loss": 3.8847, "cfg": {"mask": 0.3, "tau": 0.5, "lr": 0.001, "lam_recon": 1.0, "view_mask_prob": 0.0}, "twin_toa_payoh_mature": true, "twin_cbd_core": true, "twin_matilda_newtown": true, "twin_tuas_industrial": true, "twin_yishun_heartland": true, "twin_hitrate": 1.0, "contrast_pct_min": 0.3925, "probe_hdb_psm_r2": 0.7939, "probe_od_r2": 0.8897, "probe_adq_r2": 0.9391, "zone_ari": 0.444, "elapsed_s": 18.0}
{"tag": "e1_final", "seed": 2, "epoch": 600, "loss": 3.8438, "cfg": {"mask": 0.3, "tau": 0.5, "lr": 0.001, "lam_recon": 1.0, "view_mask_prob": 0.0}, "twin_toa_payoh_mature": true, "twin_cbd_core": true, "twin_matilda_newtown": true, "twin_tuas_industrial": true, "twin_yishun_heartland": true, "twin_hitrate": 1.0, "contrast_pct_min": 0.3991, "probe_hdb_psm_r2": 0.791, "probe_od_r2": 0.876, "probe_adq_r2": 0.9431, "zone_ari": 0.4303, "elapsed_s": 26.9}
{"tag": "e1_final", "seed": 2, "epoch": 800, "loss": 3.825, "cfg": {"mask": 0.3, "tau": 0.5, "lr": 0.001, "lam_recon": 1.0, "view_mask_prob": 0.0}, "twin_toa_payoh_mature": true, "twin_cbd_core": true, "twin_matilda_newtown": true, "twin_tuas_industrial": true, "twin_yishun_heartland": true, "twin_hitrate": 1.0, "contrast_pct_min": 0.5749, "probe_hdb_psm_r2": 0.7973, "probe_od_r2": 0.8728, "probe_adq_r2": 0.9485, "zone_ari": 0.3889, "elapsed_s": 35.5}
{"tag": "e1_final", "seed": 2, "epoch": 1000, "loss": 3.8121, "cfg": {"mask": 0.3, "tau": 0.5, "lr": 0.001, "lam_recon": 1.0, "view_mask_prob": 0.0}, "twin_toa_payoh_mature": true, "twin_cbd_core": true, "twin_matilda_newtown": true, "twin_tuas_industrial": true, "twin_yishun_heartland": true, "twin_hitrate": 1.0, "contrast_pct_min": 0.5412, "probe_hdb_psm_r2": 0.7975, "probe_od_r2": 0.8665, "probe_adq_r2": 0.945, "zone_ari": 0.4224, "elapsed_s": 44.0}
{"tag": "e1_final", "seed": 2, "epoch": 1200, "loss": 3.8094, "cfg": {"mask": 0.3, "tau": 0.5, "lr": 0.001, "lam_recon": 1.0, "view_mask_prob": 0.0}, "twin_toa_payoh_mature": true, "twin_cbd_core": true, "twin_matilda_newtown": true, "twin_tuas_industrial": true, "twin_yishun_heartland": true, "twin_hitrate": 1.0, "contrast_pct_min": 0.5532, "probe_hdb_psm_r2": 0.7996, "probe_od_r2": 0.8678, "probe_adq_r2": 0.945, "zone_ari": 0.4274, "elapsed_s": 52.7}
[04:58:05] E1 final: score=1.4792 procrustes_min=0.948
[04:58:05] RUN /usr/bin/python3 train.py --epochs 300 --mask 0.3 --tau 0.5 --view-mask-prob 0.3 --eval-every 150 --tag e2s_v0.3
/home/azureuser/da-sgp/v5/embedding/train.py:107: UserWarning: Converting a tensor with requires_grad=True to a scalar may lead to unexpected behavior.
Consider using tensor.detach() first. (Triggered internally at /pytorch/torch/csrc/autograd/generated/python_variable_methods.cpp:838.)
  tot += float(loss) * len(idx)
{"tag": "e2s_v0.3", "seed": 0, "epoch": 150, "loss": 4.0236, "cfg": {"mask": 0.3, "tau": 0.5, "lr": 0.001, "lam_recon": 1.0, "view_mask_prob": 0.3}, "twin_toa_payoh_mature": true, "twin_cbd_core": true, "twin_matilda_newtown": true, "twin_tuas_industrial": true, "twin_yishun_heartland": true, "twin_hitrate": 1.0, "contrast_pct_min": 0.7368, "probe_hdb_psm_r2": 0.7795, "probe_od_r2": 0.8921, "probe_adq_r2": 0.9359, "zone_ari": 0.4525, "elapsed_s": 6.8}
{"tag": "e2s_v0.3", "seed": 0, "epoch": 300, "loss": 4.0146, "cfg": {"mask": 0.3, "tau": 0.5, "lr": 0.001, "lam_recon": 1.0, "view_mask_prob": 0.3}, "twin_toa_payoh_mature": true, "twin_cbd_core": true, "twin_matilda_newtown": true, "twin_tuas_industrial": true, "twin_yishun_heartland": true, "twin_hitrate": 1.0, "contrast_pct_min": 0.6786, "probe_hdb_psm_r2": 0.7805, "probe_od_r2": 0.8925, "probe_adq_r2": 0.9271, "zone_ari": 0.4352, "elapsed_s": 13.5}
[04:58:21] RUN /usr/bin/python3 train.py --epochs 300 --mask 0.3 --tau 0.5 --view-mask-prob 0.5 --eval-every 150 --tag e2s_v0.5
/home/azureuser/da-sgp/v5/embedding/train.py:107: UserWarning: Converting a tensor with requires_grad=True to a scalar may lead to unexpected behavior.
Consider using tensor.detach() first. (Triggered internally at /pytorch/torch/csrc/autograd/generated/python_variable_methods.cpp:838.)
  tot += float(loss) * len(idx)
{"tag": "e2s_v0.5", "seed": 0, "epoch": 150, "loss": 4.0849, "cfg": {"mask": 0.3, "tau": 0.5, "lr": 0.001, "lam_recon": 1.0, "view_mask_prob": 0.5}, "twin_toa_payoh_mature": true, "twin_cbd_core": true, "twin_matilda_newtown": true, "twin_tuas_industrial": true, "twin_yishun_heartland": true, "twin_hitrate": 1.0, "contrast_pct_min": 0.6947, "probe_hdb_psm_r2": 0.7682, "probe_od_r2": 0.8916, "probe_adq_r2": 0.9438, "zone_ari": 0.4595, "elapsed_s": 6.8}
{"tag": "e2s_v0.5", "seed": 0, "epoch": 300, "loss": 4.0072, "cfg": {"mask": 0.3, "tau": 0.5, "lr": 0.001, "lam_recon": 1.0, "view_mask_prob": 0.5}, "twin_toa_payoh_mature": true, "twin_cbd_core": true, "twin_matilda_newtown": true, "twin_tuas_industrial": true, "twin_yishun_heartland": true, "twin_hitrate": 1.0, "contrast_pct_min": 0.7384, "probe_hdb_psm_r2": 0.7749, "probe_od_r2": 0.8945, "probe_adq_r2": 0.9336, "zone_ari": 0.4521, "elapsed_s": 13.5}
[04:58:37] RUN /usr/bin/python3 train.py --epochs 1200 --mask 0.3 --tau 0.5 --view-mask-prob 0.5 --seed 0 --eval-every 200 --tag e2_final --out Z_e2_s0.npy
/home/azureuser/da-sgp/v5/embedding/train.py:107: UserWarning: Converting a tensor with requires_grad=True to a scalar may lead to unexpected behavior.
Consider using tensor.detach() first. (Triggered internally at /pytorch/torch/csrc/autograd/generated/python_variable_methods.cpp:838.)
  tot += float(loss) * len(idx)
{"tag": "e2_final", "seed": 0, "epoch": 200, "loss": 4.0208, "cfg": {"mask": 0.3, "tau": 0.5, "lr": 0.001, "lam_recon": 1.0, "view_mask_prob": 0.5}, "twin_toa_payoh_mature": true, "twin_cbd_core": true, "twin_matilda_newtown": true, "twin_tuas_industrial": true, "twin_yishun_heartland": true, "twin_hitrate": 1.0, "contrast_pct_min": 0.5864, "probe_hdb_psm_r2": 0.7734, "probe_od_r2": 0.8862, "probe_adq_r2": 0.9329, "zone_ari": 0.4575, "elapsed_s": 8.9}
{"tag": "e2_final", "seed": 0, "epoch": 400, "loss": 3.9476, "cfg": {"mask": 0.3, "tau": 0.5, "lr": 0.001, "lam_recon": 1.0, "view_mask_prob": 0.5}, "twin_toa_payoh_mature": true, "twin_cbd_core": true, "twin_matilda_newtown": true, "twin_tuas_industrial": true, "twin_yishun_heartland": true, "twin_hitrate": 1.0, "contrast_pct_min": 0.511, "probe_hdb_psm_r2": 0.7951, "probe_od_r2": 0.8884, "probe_adq_r2": 0.9593, "zone_ari": 0.4644, "elapsed_s": 17.7}
{"tag": "e2_final", "seed": 0, "epoch": 600, "loss": 3.8841, "cfg": {"mask": 0.3, "tau": 0.5, "lr": 0.001, "lam_recon": 1.0, "view_mask_prob": 0.5}, "twin_toa_payoh_mature": true, "twin_cbd_core": true, "twin_matilda_newtown": true, "twin_tuas_industrial": true, "twin_yishun_heartland": true, "twin_hitrate": 1.0, "contrast_pct_min": 0.675, "probe_hdb_psm_r2": 0.8127, "probe_od_r2": 0.8653, "probe_adq_r2": 0.9613, "zone_ari": 0.4908, "elapsed_s": 26.4}
{"tag": "e2_final", "seed": 0, "epoch": 800, "loss": 3.8678, "cfg": {"mask": 0.3, "tau": 0.5, "lr": 0.001, "lam_recon": 1.0, "view_mask_prob": 0.5}, "twin_toa_payoh_mature": true, "twin_cbd_core": true, "twin_matilda_newtown": true, "twin_tuas_industrial": true, "twin_yishun_heartland": true, "twin_hitrate": 1.0, "contrast_pct_min": 0.6242, "probe_hdb_psm_r2": 0.8258, "probe_od_r2": 0.8709, "probe_adq_r2": 0.9581, "zone_ari": 0.4383, "elapsed_s": 35.2}
{"tag": "e2_final", "seed": 0, "epoch": 1000, "loss": 3.8382, "cfg": {"mask": 0.3, "tau": 0.5, "lr": 0.001, "lam_recon": 1.0, "view_mask_prob": 0.5}, "twin_toa_payoh_mature": true, "twin_cbd_core": true, "twin_matilda_newtown": true, "twin_tuas_industrial": true, "twin_yishun_heartland": true, "twin_hitrate": 1.0, "contrast_pct_min": 0.6482, "probe_hdb_psm_r2": 0.8341, "probe_od_r2": 0.8618, "probe_adq_r2": 0.9572, "zone_ari": 0.4237, "elapsed_s": 44.0}
{"tag": "e2_final", "seed": 0, "epoch": 1200, "loss": 3.8811, "cfg": {"mask": 0.3, "tau": 0.5, "lr": 0.001, "lam_recon": 1.0, "view_mask_prob": 0.5}, "twin_toa_payoh_mature": true, "twin_cbd_core": true, "twin_matilda_newtown": true, "twin_tuas_industrial": true, "twin_yishun_heartland": true, "twin_hitrate": 1.0, "contrast_pct_min": 0.684, "probe_hdb_psm_r2": 0.8334, "probe_od_r2": 0.8626, "probe_adq_r2": 0.9568, "zone_ari": 0.4255, "elapsed_s": 52.7}
[04:59:32] RUN /usr/bin/python3 train.py --epochs 1200 --mask 0.3 --tau 0.5 --view-mask-prob 0.5 --seed 1 --eval-every 200 --tag e2_final --out Z_e2_s1.npy
/home/azureuser/da-sgp/v5/embedding/train.py:107: UserWarning: Converting a tensor with requires_grad=True to a scalar may lead to unexpected behavior.
Consider using tensor.detach() first. (Triggered internally at /pytorch/torch/csrc/autograd/generated/python_variable_methods.cpp:838.)
  tot += float(loss) * len(idx)
{"tag": "e2_final", "seed": 1, "epoch": 200, "loss": 4.0266, "cfg": {"mask": 0.3, "tau": 0.5, "lr": 0.001, "lam_recon": 1.0, "view_mask_prob": 0.5}, "twin_toa_payoh_mature": true, "twin_cbd_core": true, "twin_matilda_newtown": true, "twin_tuas_industrial": true, "twin_yishun_heartland": true, "twin_hitrate": 1.0, "contrast_pct_min": 0.5515, "probe_hdb_psm_r2": 0.7492, "probe_od_r2": 0.8884, "probe_adq_r2": 0.9562, "zone_ari": 0.4507, "elapsed_s": 9.1}
{"tag": "e2_final", "seed": 1, "epoch": 400, "loss": 3.9386, "cfg": {"mask": 0.3, "tau": 0.5, "lr": 0.001, "lam_recon": 1.0, "view_mask_prob": 0.5}, "twin_toa_payoh_mature": true, "twin_cbd_core": true, "twin_matilda_newtown": true, "twin_tuas_industrial": true, "twin_yishun_heartland": true, "twin_hitrate": 1.0, "contrast_pct_min": 0.5463, "probe_hdb_psm_r2": 0.7562, "probe_od_r2": 0.8649, "probe_adq_r2": 0.9534, "zone_ari": 0.564, "elapsed_s": 17.8}
{"tag": "e2_final", "seed": 1, "epoch": 600, "loss": 3.9123, "cfg": {"mask": 0.3, "tau": 0.5, "lr": 0.001, "lam_recon": 1.0, "view_mask_prob": 0.5}, "twin_toa_payoh_mature": true, "twin_cbd_core": true, "twin_matilda_newtown": true, "twin_tuas_industrial": true, "twin_yishun_heartland": true, "twin_hitrate": 1.0, "contrast_pct_min": 0.4649, "probe_hdb_psm_r2": 0.7639, "probe_od_r2": 0.8565, "probe_adq_r2": 0.9578, "zone_ari": 0.4378, "elapsed_s": 26.5}
{"tag": "e2_final", "seed": 1, "epoch": 800, "loss": 3.9104, "cfg": {"mask": 0.3, "tau": 0.5, "lr": 0.001, "lam_recon": 1.0, "view_mask_prob": 0.5}, "twin_toa_payoh_mature": true, "twin_cbd_core": true, "twin_matilda_newtown": true, "twin_tuas_industrial": true, "twin_yishun_heartland": true, "twin_hitrate": 1.0, "contrast_pct_min": 0.5379, "probe_hdb_psm_r2": 0.7796, "probe_od_r2": 0.8524, "probe_adq_r2": 0.9601, "zone_ari": 0.399, "elapsed_s": 35.3}
{"tag": "e2_final", "seed": 1, "epoch": 1000, "loss": 3.8502, "cfg": {"mask": 0.3, "tau": 0.5, "lr": 0.001, "lam_recon": 1.0, "view_mask_prob": 0.5}, "twin_toa_payoh_mature": true, "twin_cbd_core": true, "twin_matilda_newtown": true, "twin_tuas_industrial": true, "twin_yishun_heartland": true, "twin_hitrate": 1.0, "contrast_pct_min": 0.5905, "probe_hdb_psm_r2": 0.7846, "probe_od_r2": 0.8519, "probe_adq_r2": 0.9582, "zone_ari": 0.4148, "elapsed_s": 44.0}
{"tag": "e2_final", "seed": 1, "epoch": 1200, "loss": 3.8618, "cfg": {"mask": 0.3, "tau": 0.5, "lr": 0.001, "lam_recon": 1.0, "view_mask_prob": 0.5}, "twin_toa_payoh_mature": true, "twin_cbd_core": true, "twin_matilda_newtown": true, "twin_tuas_industrial": true, "twin_yishun_heartland": true, "twin_hitrate": 1.0, "contrast_pct_min": 0.5626, "probe_hdb_psm_r2": 0.7839, "probe_od_r2": 0.8495, "probe_adq_r2": 0.9586, "zone_ari": 0.4134, "elapsed_s": 52.7}
[05:00:27] RUN /usr/bin/python3 train.py --epochs 1200 --mask 0.3 --tau 0.5 --view-mask-prob 0.5 --seed 2 --eval-every 200 --tag e2_final --out Z_e2_s2.npy
/home/azureuser/da-sgp/v5/embedding/train.py:107: UserWarning: Converting a tensor with requires_grad=True to a scalar may lead to unexpected behavior.
Consider using tensor.detach() first. (Triggered internally at /pytorch/torch/csrc/autograd/generated/python_variable_methods.cpp:838.)
  tot += float(loss) * len(idx)
{"tag": "e2_final", "seed": 2, "epoch": 200, "loss": 4.0037, "cfg": {"mask": 0.3, "tau": 0.5, "lr": 0.001, "lam_recon": 1.0, "view_mask_prob": 0.5}, "twin_toa_payoh_mature": true, "twin_cbd_core": true, "twin_matilda_newtown": true, "twin_tuas_industrial": true, "twin_yishun_heartland": true, "twin_hitrate": 1.0, "contrast_pct_min": 0.4215, "probe_hdb_psm_r2": 0.7598, "probe_od_r2": 0.8985, "probe_adq_r2": 0.944, "zone_ari": 0.4546, "elapsed_s": 8.8}
{"tag": "e2_final", "seed": 2, "epoch": 400, "loss": 3.9678, "cfg": {"mask": 0.3, "tau": 0.5, "lr": 0.001, "lam_recon": 1.0, "view_mask_prob": 0.5}, "twin_toa_payoh_mature": true, "twin_cbd_core": true, "twin_matilda_newtown": true, "twin_tuas_industrial": true, "twin_yishun_heartland": true, "twin_hitrate": 1.0, "contrast_pct_min": 0.4362, "probe_hdb_psm_r2": 0.7955, "probe_od_r2": 0.8832, "probe_adq_r2": 0.9471, "zone_ari": 0.4498, "elapsed_s": 17.5}
{"tag": "e2_final", "seed": 2, "epoch": 600, "loss": 3.9138, "cfg": {"mask": 0.3, "tau": 0.5, "lr": 0.001, "lam_recon": 1.0, "view_mask_prob": 0.5}, "twin_toa_payoh_mature": true, "twin_cbd_core": true, "twin_matilda_newtown": true, "twin_tuas_industrial": true, "twin_yishun_heartland": true, "twin_hitrate": 1.0, "contrast_pct_min": 0.5744, "probe_hdb_psm_r2": 0.8066, "probe_od_r2": 0.868, "probe_adq_r2": 0.939, "zone_ari": 0.4482, "elapsed_s": 26.1}
{"tag": "e2_final", "seed": 2, "epoch": 800, "loss": 3.8551, "cfg": {"mask": 0.3, "tau": 0.5, "lr": 0.001, "lam_recon": 1.0, "view_mask_prob": 0.5}, "twin_toa_payoh_mature": true, "twin_cbd_core": true, "twin_matilda_newtown": true, "twin_tuas_industrial": true, "twin_yishun_heartland": true, "twin_hitrate": 1.0, "contrast_pct_min": 0.64, "probe_hdb_psm_r2": 0.8024, "probe_od_r2": 0.8758, "probe_adq_r2": 0.9385, "zone_ari": 0.4223, "elapsed_s": 34.8}
{"tag": "e2_final", "seed": 2, "epoch": 1000, "loss": 3.897, "cfg": {"mask": 0.3, "tau": 0.5, "lr": 0.001, "lam_recon": 1.0, "view_mask_prob": 0.5}, "twin_toa_payoh_mature": true, "twin_cbd_core": true, "twin_matilda_newtown": true, "twin_tuas_industrial": true, "twin_yishun_heartland": true, "twin_hitrate": 1.0, "contrast_pct_min": 0.6319, "probe_hdb_psm_r2": 0.8045, "probe_od_r2": 0.8738, "probe_adq_r2": 0.9421, "zone_ari": 0.4513, "elapsed_s": 43.6}
{"tag": "e2_final", "seed": 2, "epoch": 1200, "loss": 3.8568, "cfg": {"mask": 0.3, "tau": 0.5, "lr": 0.001, "lam_recon": 1.0, "view_mask_prob": 0.5}, "twin_toa_payoh_mature": true, "twin_cbd_core": true, "twin_matilda_newtown": true, "twin_tuas_industrial": true, "twin_yishun_heartland": true, "twin_hitrate": 1.0, "contrast_pct_min": 0.6404, "probe_hdb_psm_r2": 0.8025, "probe_od_r2": 0.8734, "probe_adq_r2": 0.9428, "zone_ari": 0.448, "elapsed_s": 52.4}
[05:01:23] E2 final: score=1.4906 procrustes_min=0.961
[05:01:23] === DONE. board={'E0_pca': 1.4764652794632256, 'E1': 1.4792273352778298, 'E2': 1.4906275139386436} winner=E2 ===
